19:26:43 后端=webview2 url=http://127.0.0.1:1/
runtime=C:\Program Files (x86)\Microsoft\EdgeWebView\Application\153.0.4234.32
19:26:44 WebView2Host 已构造，开始 start()
19:26:45 [t=0.00s] CoInitializeEx 完成
19:26:46 [t=1.16s] 控件已建：form=592832 wv=6949700
19:26:47 [t=2.28s] CreateAsync 已发起（user_data=C:\My_GongJu\grab\WeChatExportPlus\wv2_profile）
19:26:49 [t=3.45s] 环境就绪：153.0.4234.32
19:26:50 FilePickerRequested 不可用（挂附件会走兜底）：'CoreWebView2' object has no attribute 'FilePickerRequested'
19:26:51 [t=5.89s] WebView2 就绪，开始导航
19:26:52 start 成功，用时 8.35s
19:26:52 导航完成 success=False
19:26:52 reparent -> {'ok': True, 'parent': 1378958}
19:26:53 导航完成 success=False
19:26:57 [ui] relayout(webview2 只摆位) 0.05s
19:26:58 导航完成 success=False
19:27:01 [ui] relayout(webview2 只摆位) 0.05s
19:58:08 [ui] place(embed) 25.12s rect=(442,334,640,411)
19:59:08 [ui] leave（已隐藏浏览器）
19:59:34 [ui] place(embed) 25.09s rect=(442,334,640,411)
19:59:52 [ui] leave（已隐藏浏览器）
20:00:41 [ui] place(embed) 25.15s rect=(520,412,640,411)
20:01:41 [ui] leave（已隐藏浏览器）
20:02:06 [ui] place(embed) 25.08s rect=(520,412,640,411)
20:02:24 [ui] leave（已隐藏浏览器）
20:03:26 [ui] place(embed) 25.17s rect=(650,542,640,411)
20:04:49 [ui] leave（已隐藏浏览器）
20:05:50 [ui] place(embed) 25.14s rect=(442,334,640,411)
20:07:13 [ui] leave（已隐藏浏览器）
20:08:22 [ui] place(embed) 25.16s rect=(520,412,640,411)
20:09:45 [ui] leave（已隐藏浏览器）
20:11:03 [ui] place(embed) 25.15s rect=(598,490,640,411)
20:12:26 [ui] leave（已隐藏浏览器）
20:13:54 [ui] place(embed) 25.17s rect=(676,568,640,411)
20:14:15 [ui] leave（已隐藏浏览器）
20:14:41 [ui] place(embed) 25.12s rect=(676,568,640,411)
20:14:59 [ui] leave（已隐藏浏览器）
20:15:44 [ui] place(embed) 25.13s rect=(468,360,640,411)
20:16:24 [ui] leave（已隐藏浏览器）
20:16:50 [ui] place(embed) 25.08s rect=(468,360,640,411)
20:17:08 [ui] leave（已隐藏浏览器）
20:17:50 [ui] place(embed) 25.22s rect=(546,438,640,411)
20:18:51 [ui] leave（已隐藏浏览器）
20:19:17 [ui] place(embed) 25.11s rect=(546,438,640,411)
20:19:35 [ui] leave（已隐藏浏览器）
20:20:10 [ui] place(embed) 25.13s rect=(624,516,640,411)
20:20:51 [ui] leave（已隐藏浏览器）
20:21:17 [ui] place(embed) 25.11s rect=(624,516,640,411)
20:21:55 [ui] leave（已隐藏浏览器）
20:22:42 [ui] place(embed) 25.15s rect=(416,308,640,411)
20:23:12 [ui] leave（已隐藏浏览器）
20:23:37 [ui] place(embed) 25.14s rect=(416,308,640,411)
20:24:16 [ui] leave（已隐藏浏览器）
20:25:14 [ui] place(embed) 25.23s rect=(468,360,640,411)
20:25:34 [ui] leave（已隐藏浏览器）
20:26:00 [ui] place(embed) 25.09s rect=(468,360,640,411)
20:26:38 [ui] leave（已隐藏浏览器）
20:27:02 [ui] place(embed) 0.13s rect=(546,438,640,411)
20:27:22 [ui] leave（已隐藏浏览器）
20:27:22 [ui] place(embed) 0.05s rect=(546,438,640,411)
20:27:40 [ui] leave（已隐藏浏览器）
20:28:01 [ui] place(embed) 0.11s rect=(624,516,640,411)
20:28:02 [ui] leave（已隐藏浏览器）
20:28:03 [ui] place(embed) 0.07s rect=(624,516,640,411)
20:28:03 [ui] leave（已隐藏浏览器）
20:30:03 [ui] place(embed) 25.14s rect=(546,438,640,411)
20:30:15 [ui] leave（已隐藏浏览器）
20:30:40 [ui] place(embed) 25.12s rect=(546,438,640,411)
20:31:18 [ui] leave（已隐藏浏览器）
20:33:03 [ui] place(embed) 25.15s rect=(650,542,640,411)
20:33:15 [ui] leave（已隐藏浏览器）
20:33:40 [ui] place(embed) 25.09s rect=(650,542,640,411)
20:34:18 [ui] leave（已隐藏浏览器）
20:35:06 [ui] place(embed) 25.16s rect=(442,334,640,411)
20:35:39 [ui] leave（已隐藏浏览器）
20:36:05 [ui] place(embed) 25.08s rect=(442,334,640,411)
20:36:43 [ui] leave（已隐藏浏览器）
20:40:03 [ui] place(embed) 0.17s rect=(624,516,640,411)
20:40:04 [ui] leave（已隐藏浏览器）
20:40:05 [ui] place(embed) 0.04s rect=(624,516,640,411)
20:40:05 [ui] leave（已隐藏浏览器）
20:41:16 [ui] place(embed) 0.11s rect=(494,386,640,411)
20:41:18 [ui] leave（已隐藏浏览器）
20:41:19 [ui] place(embed) 0.08s rect=(494,386,640,411)
20:41:19 [ui] leave（已隐藏浏览器）
20:44:50 [ui] place(embed) 0.15s rect=(624,516,640,411)
20:44:52 [ui] leave（已隐藏浏览器）
20:44:53 [ui] place(embed) 0.04s rect=(624,516,640,411)
20:44:53 [ui] leave（已隐藏浏览器）
20:45:29 [ui] place(embed) 0.08s rect=(468,360,640,411)
20:45:31 [ui] leave（已隐藏浏览器）
20:45:32 [ui] place(embed) 0.02s rect=(468,360,640,411)
20:45:32 [ui] leave（已隐藏浏览器）
20:45:47 [ui] place(embed) 0.10s rect=(546,438,640,411)
20:45:49 [ui] leave（已隐藏浏览器）
20:45:50 [ui] place(embed) 0.02s rect=(546,438,640,411)
20:45:50 [ui] leave（已隐藏浏览器）
20:45:59 [ui] place(embed) 0.10s rect=(624,516,640,411)
20:46:01 [ui] leave（已隐藏浏览器）
20:46:01 [ui] place(embed) 0.05s rect=(624,516,640,411)
20:46:01 [ui] leave（已隐藏浏览器）
20:47:10 [ui] place(embed) 0.09s rect=(494,386,640,411)
20:47:12 [ui] leave（已隐藏浏览器）
20:47:13 [ui] place(embed) 0.03s rect=(494,386,640,411)
20:47:13 [ui] leave（已隐藏浏览器）
20:47:27 [ui] place(embed) 0.10s rect=(676,568,640,411)
20:47:29 [ui] leave（已隐藏浏览器）
20:47:30 [ui] place(embed) 0.06s rect=(676,568,640,411)
20:47:30 [ui] leave（已隐藏浏览器）
21:21:14 [ui] place(embed) 0.12s rect=(416,308,640,411)
21:21:15 [ui] leave（已隐藏浏览器）
21:21:16 [ui] place(embed) 0.07s rect=(416,308,640,411)
21:21:16 [ui] leave（已隐藏浏览器）
21:21:21 [ui] place(embed) 0.10s rect=(468,360,640,411)
21:21:23 [ui] leave（已隐藏浏览器）
21:21:23 [ui] place(embed) 0.06s rect=(468,360,640,411)
21:21:23 [ui] leave（已隐藏浏览器）
21:21:46 [ui] place(embed) 0.11s rect=(546,438,640,411)
21:21:48 [ui] leave（已隐藏浏览器）
21:21:49 [ui] place(embed) 0.05s rect=(546,438,640,411)
21:21:49 [ui] leave（已隐藏浏览器）
21:22:00 [ui] place(embed) 0.14s rect=(624,516,640,411)
21:22:02 [ui] leave（已隐藏浏览器）
21:22:03 [ui] place(embed) 0.06s rect=(624,516,640,411)
21:22:03 [ui] place(embed) 0.06s rect=(1104,738,640,411)
21:22:14 [ui] leave（已隐藏浏览器）
21:22:31 [ui] place(embed) 0.08s rect=(416,308,640,411)
21:22:33 [ui] leave（已隐藏浏览器）
21:22:34 [ui] place(embed) 0.06s rect=(416,308,640,411)
21:22:34 [ui] place(embed) 0.06s rect=(896,530,640,411)
21:22:37 [ui] leave（已隐藏浏览器）
21:23:35 [ui] place(embed) 0.09s rect=(624,516,640,411)
21:23:37 [ui] leave（已隐藏浏览器）
21:23:37 [ui] place(embed) 0.08s rect=(624,516,640,411)
21:23:38 [ui] place(embed) 0.10s rect=(1104,738,640,411)
21:23:41 [ui] leave（已隐藏浏览器）
21:23:55 [ui] place(embed) 0.10s rect=(416,308,640,411)
21:23:57 [ui] leave（已隐藏浏览器）
21:23:58 [ui] place(embed) 0.06s rect=(416,308,640,411)
21:23:58 [ui] place(embed) 0.09s rect=(896,530,640,411)
21:24:01 [ui] leave（已隐藏浏览器）
21:24:18 [ui] place(embed) 0.11s rect=(468,360,640,411)
21:24:19 [ui] leave（已隐藏浏览器）
21:24:20 [ui] place(embed) 0.06s rect=(468,360,640,411)
21:24:20 [ui] place(embed) 0.07s rect=(948,582,640,411)
21:24:25 [ui] leave（已隐藏浏览器）
21:37:28 [ui] relayout(整页重排) 0.10s page=ds
21:37:29 [ui] place(embed) 0.13s rect=(510,379,580,394)
21:37:29 [ui] place(embed) 0.05s rect=(510,379,580,394)
21:37:38 [ui] leave（已隐藏浏览器）
21:37:56 [ui] relayout(整页重排) 0.10s page=ds
21:37:57 [ui] place(embed) 0.11s rect=(510,379,580,394)
21:37:57 [ui] place(embed) 0.05s rect=(510,379,580,394)
21:38:06 [ui] leave（已隐藏浏览器）
21:38:52 [ui] follow 失败：'Host' object has no attribute 'restore_silent'
21:39:30 [ui] follow 失败：'Host' object has no attribute 'restore_silent'
21:40:07 [ui] place(embed) 0.08s rect=(494,386,640,411)
21:40:09 [ui] leave（已隐藏浏览器）
21:40:10 [ui] place(embed) 0.05s rect=(494,386,640,411)
21:40:10 [ui] follow → (974,608,640,411) 让位中=False root=1060x700+584+326
21:40:10 [ui] place(embed) 0.07s rect=(974,608,640,411)
21:40:15 [ui] leave（已隐藏浏览器）
21:40:33 [ui] place(embed) 0.10s rect=(624,516,640,411)
21:40:34 [ui] leave（已隐藏浏览器）
21:40:35 [ui] place(embed) 0.06s rect=(624,516,640,411)
21:40:35 [ui] follow → (1104,738,640,411) 让位中=False root=1060x700+714+456
21:40:36 [ui] place(embed) 0.06s rect=(1104,738,640,411)
21:40:38 [ui] place(embed) 0.11s rect=(1104,738,640,411)
21:40:39 [ui] follow → (1174,768,640,411) 让位中=True root=1060x700+784+486
21:40:39 [ui] follow → (1174,768,640,411) 让位中=True root=1060x700+784+486
21:40:50 [ui] leave（已隐藏浏览器）
21:41:31 [ui] screen_rect: 画布(x=382,y=251) + root(34,57) = (416,308) 几何=1060x700+26+26
21:41:31 [ui] place(embed) 0.15s rect=(416,308,640,411)
21:41:32 [ui] screen_rect: 画布(x=382,y=251) + root(34,57) = (416,308) 几何=1060x700+26+26
21:41:33 [ui] leave（已隐藏浏览器）
21:41:34 [ui] screen_rect: 画布(x=382,y=251) + root(34,57) = (416,308) 几何=1060x700+26+26
21:41:34 [ui] screen_rect: 画布(x=382,y=251) + root(34,57) = (416,308) 几何=1060x700+26+26
21:41:34 [ui] place(embed) 0.08s rect=(416,308,640,411)
21:41:34 [ui] screen_rect: 画布(x=382,y=251) + root(514,279) = (896,530) 几何=1060x700+506+248
21:41:34 [ui] screen_rect: 画布(x=382,y=251) + root(514,279) = (896,530) 几何=1060x700+506+248
21:41:34 [ui] follow → (896,530,640,411) 让位中=False root=1060x700+506+248
21:41:34 [ui] screen_rect: 画布(x=382,y=251) + root(514,279) = (896,530) 几何=1060x700+506+248
21:41:34 [ui] screen_rect: 画布(x=382,y=251) + root(514,279) = (896,530) 几何=1060x700+506+248
21:41:34 [ui] screen_rect: 画布(x=382,y=251) + root(514,279) = (896,530) 几何=1060x700+506+248
21:41:34 [ui] place(embed) 0.08s rect=(896,530,640,411)
21:41:37 [ui] screen_rect: 画布(x=382,y=251) + root(514,279) = (896,530) 几何=1060x700+506+248
21:41:37 [ui] place(embed) 0.05s rect=(896,530,640,411)
21:41:38 [ui] screen_rect: 画布(x=382,y=251) + root(584,309) = (966,560) 几何=1060x700+576+278
21:41:38 [ui] follow → (966,560,640,411) 让位中=True root=1060x700+576+278
21:41:38 [ui] screen_rect: 画布(x=382,y=251) + root(584,309) = (966,560) 几何=1060x700+576+278
21:41:38 [ui] screen_rect: 画布(x=382,y=251) + root(584,309) = (966,560) 几何=1060x700+576+278
21:41:38 [ui] follow → (966,560,640,411) 让位中=True root=1060x700+576+278
21:41:38 [ui] screen_rect: 画布(x=382,y=251) + root(584,309) = (966,560) 几何=1060x700+576+278
21:41:39 [ui] screen_rect: 画布(x=382,y=251) + root(584,309) = (966,560) 几何=1060x700+576+278
21:41:39 [ui] screen_rect: 画布(x=382,y=251) + root(584,309) = (966,560) 几何=1060x700+576+278
21:41:39 [ui] screen_rect: 画布(x=382,y=251) + root(584,309) = (966,560) 几何=1060x700+576+278
21:41:39 [ui] screen_rect: 画布(x=382,y=251) + root(584,309) = (966,560) 几何=1060x700+576+278
21:41:39 [ui] screen_rect: 画布(x=382,y=251) + root(584,309) = (966,560) 几何=1060x700+576+278
21:41:40 [ui] screen_rect: 画布(x=382,y=251) + root(584,309) = (966,560) 几何=1060x700+576+278
21:41:40 [ui] screen_rect: 画布(x=382,y=251) + root(584,309) = (966,560) 几何=1060x700+576+278
21:41:40 [ui] screen_rect: 画布(x=382,y=251) + root(584,309) = (966,560) 几何=1060x700+576+278
21:41:40 [ui] screen_rect: 画布(x=382,y=251) + root(584,309) = (966,560) 几何=1060x700+576+278
21:41:40 [ui] screen_rect: 画布(x=382,y=251) + root(584,309) = (966,560) 几何=1060x700+576+278
21:41:41 [ui] screen_rect: 画布(x=382,y=251) + root(584,309) = (966,560) 几何=1060x700+576+278
21:41:41 [ui] screen_rect: 画布(x=382,y=251) + root(584,309) = (966,560) 几何=1060x700+576+278
21:41:41 [ui] screen_rect: 画布(x=382,y=251) + root(584,309) = (966,560) 几何=1060x700+576+278
21:41:41 [ui] screen_rect: 画布(x=382,y=251) + root(584,309) = (966,560) 几何=1060x700+576+278
21:41:41 [ui] screen_rect: 画布(x=382,y=251) + root(584,309) = (966,560) 几何=1060x700+576+278
21:41:42 [ui] screen_rect: 画布(x=382,y=251) + root(584,309) = (966,560) 几何=1060x700+576+278
21:41:42 [ui] screen_rect: 画布(x=382,y=251) + root(584,309) = (966,560) 几何=1060x700+576+278
21:41:42 [ui] screen_rect: 画布(x=382,y=251) + root(584,309) = (966,560) 几何=1060x700+576+278
21:41:42 [ui] screen_rect: 画布(x=382,y=251) + root(584,309) = (966,560) 几何=1060x700+576+278
21:41:42 [ui] screen_rect: 画布(x=382,y=251) + root(584,309) = (966,560) 几何=1060x700+576+278
21:41:43 [ui] screen_rect: 画布(x=382,y=251) + root(584,309) = (966,560) 几何=1060x700+576+278
21:41:43 [ui] screen_rect: 画布(x=382,y=251) + root(584,309) = (966,560) 几何=1060x700+576+278
21:41:43 [ui] screen_rect: 画布(x=382,y=251) + root(584,309) = (966,560) 几何=1060x700+576+278
21:41:43 [ui] screen_rect: 画布(x=382,y=251) + root(584,309) = (966,560) 几何=1060x700+576+278
21:41:43 [ui] screen_rect: 画布(x=382,y=251) + root(584,309) = (966,560) 几何=1060x700+576+278
21:41:44 [ui] screen_rect: 画布(x=382,y=251) + root(584,309) = (966,560) 几何=1060x700+576+278
21:41:44 [ui] screen_rect: 画布(x=382,y=251) + root(584,309) = (966,560) 几何=1060x700+576+278
21:41:44 [ui] screen_rect: 画布(x=382,y=251) + root(584,309) = (966,560) 几何=1060x700+576+278
21:41:44 [ui] screen_rect: 画布(x=382,y=251) + root(584,309) = (966,560) 几何=1060x700+576+278
21:41:44 [ui] screen_rect: 画布(x=382,y=251) + root(584,309) = (966,560) 几何=1060x700+576+278
21:41:45 [ui] screen_rect: 画布(x=382,y=251) + root(584,309) = (966,560) 几何=1060x700+576+278
21:41:45 [ui] screen_rect: 画布(x=382,y=251) + root(584,309) = (966,560) 几何=1060x700+576+278
21:41:45 [ui] screen_rect: 画布(x=382,y=251) + root(584,309) = (966,560) 几何=1060x700+576+278
21:41:45 [ui] screen_rect: 画布(x=382,y=251) + root(584,309) = (966,560) 几何=1060x700+576+278
21:41:45 [ui] screen_rect: 画布(x=382,y=251) + root(584,309) = (966,560) 几何=1060x700+576+278
21:41:46 [ui] screen_rect: 画布(x=382,y=251) + root(584,309) = (966,560) 几何=1060x700+576+278
21:41:46 [ui] screen_rect: 画布(x=382,y=251) + root(584,309) = (966,560) 几何=1060x700+576+278
21:41:46 [ui] screen_rect: 画布(x=382,y=251) + root(584,309) = (966,560) 几何=1060x700+576+278
21:41:46 [ui] screen_rect: 画布(x=382,y=251) + root(584,309) = (966,560) 几何=1060x700+576+278
21:41:46 [ui] screen_rect: 画布(x=382,y=251) + root(584,309) = (966,560) 几何=1060x700+576+278
21:41:49 [ui] leave（已隐藏浏览器）
21:42:07 [ui] screen_rect: 画布(x=382,y=251) + root(86,109) = (468,360) 几何=1060x700+78+78
21:42:07 [ui] place(embed) 0.13s rect=(468,360,640,411)
21:42:08 [ui] screen_rect: 画布(x=382,y=251) + root(86,109) = (468,360) 几何=1060x700+78+78
21:42:09 [ui] leave（已隐藏浏览器）
21:42:09 [ui] screen_rect: 画布(x=382,y=251) + root(86,109) = (468,360) 几何=1060x700+78+78
21:42:09 [ui] screen_rect: 画布(x=382,y=251) + root(86,109) = (468,360) 几何=1060x700+78+78
21:42:09 [ui] place(embed) 0.03s rect=(468,360,640,411)
21:42:09 [ui] screen_rect: 画布(x=382,y=251) + root(566,331) = (948,582) 几何=1060x700+558+300
21:42:09 [ui] screen_rect: 画布(x=382,y=251) + root(566,331) = (948,582) 几何=1060x700+558+300
21:42:09 [ui] follow → (948,582,640,411) 让位中=False root=1060x700+558+300
21:42:10 [ui] screen_rect: 画布(x=382,y=251) + root(566,331) = (948,582) 几何=1060x700+558+300
21:42:10 [ui] screen_rect: 画布(x=382,y=251) + root(566,331) = (948,582) 几何=1060x700+558+300
21:42:10 [ui] screen_rect: 画布(x=382,y=251) + root(566,331) = (948,582) 几何=1060x700+558+300
21:42:10 [ui] place(embed) 0.06s rect=(948,582,640,411)
21:42:11 [ui] restore_silent → (382,251,640,411) ok=True
21:42:12 [ui] restore_silent → (382,251,640,411) ok=True
21:42:12 [ui] screen_rect: 画布(x=382,y=251) + root(566,331) = (948,582) 几何=1060x700+558+300
21:42:12 [ui] place(embed) 0.07s rect=(948,582,640,411)
21:42:13 [ui] screen_rect: 画布(x=382,y=251) + root(636,361) = (1018,612) 几何=1060x700+628+330
21:42:13 [ui] follow → (1018,612,640,411) 让位中=True root=1060x700+628+330
21:42:13 [ui] screen_rect: 画布(x=382,y=251) + root(636,361) = (1018,612) 几何=1060x700+628+330
21:42:13 [ui] screen_rect: 画布(x=382,y=251) + root(636,361) = (1018,612) 几何=1060x700+628+330
21:42:13 [ui] follow → (1018,612,640,411) 让位中=True root=1060x700+628+330
21:42:14 [ui] screen_rect: 画布(x=382,y=251) + root(636,361) = (1018,612) 几何=1060x700+628+330
21:42:14 [ui] screen_rect: 画布(x=382,y=251) + root(636,361) = (1018,612) 几何=1060x700+628+330
21:42:14 [ui] screen_rect: 画布(x=382,y=251) + root(636,361) = (1018,612) 几何=1060x700+628+330
21:42:14 [ui] screen_rect: 画布(x=382,y=251) + root(636,361) = (1018,612) 几何=1060x700+628+330
21:42:14 [ui] screen_rect: 画布(x=382,y=251) + root(636,361) = (1018,612) 几何=1060x700+628+330
21:42:15 [ui] screen_rect: 画布(x=382,y=251) + root(636,361) = (1018,612) 几何=1060x700+628+330
21:42:15 [ui] screen_rect: 画布(x=382,y=251) + root(636,361) = (1018,612) 几何=1060x700+628+330
21:42:15 [ui] screen_rect: 画布(x=382,y=251) + root(636,361) = (1018,612) 几何=1060x700+628+330
21:42:15 [ui] screen_rect: 画布(x=382,y=251) + root(636,361) = (1018,612) 几何=1060x700+628+330
21:42:15 [ui] screen_rect: 画布(x=382,y=251) + root(636,361) = (1018,612) 几何=1060x700+628+330
21:42:16 [ui] screen_rect: 画布(x=382,y=251) + root(636,361) = (1018,612) 几何=1060x700+628+330
21:42:16 [ui] screen_rect: 画布(x=382,y=251) + root(636,361) = (1018,612) 几何=1060x700+628+330
21:42:16 [ui] screen_rect: 画布(x=382,y=251) + root(636,361) = (1018,612) 几何=1060x700+628+330
21:42:16 [ui] screen_rect: 画布(x=382,y=251) + root(636,361) = (1018,612) 几何=1060x700+628+330
21:42:16 [ui] screen_rect: 画布(x=382,y=251) + root(636,361) = (1018,612) 几何=1060x700+628+330
21:42:17 [ui] screen_rect: 画布(x=382,y=251) + root(636,361) = (1018,612) 几何=1060x700+628+330
21:42:17 [ui] screen_rect: 画布(x=382,y=251) + root(636,361) = (1018,612) 几何=1060x700+628+330
21:42:17 [ui] restore_silent → (382,251,640,411) ok=True
21:42:17 [ui] screen_rect: 画布(x=382,y=251) + root(636,361) = (1018,612) 几何=1060x700+628+330
21:42:17 [ui] screen_rect: 画布(x=382,y=251) + root(636,361) = (1018,612) 几何=1060x700+628+330
21:42:17 [ui] screen_rect: 画布(x=382,y=251) + root(636,361) = (1018,612) 几何=1060x700+628+330
21:42:18 [ui] screen_rect: 画布(x=382,y=251) + root(636,361) = (1018,612) 几何=1060x700+628+330
21:42:18 [ui] screen_rect: 画布(x=382,y=251) + root(636,361) = (1018,612) 几何=1060x700+628+330
21:42:18 [ui] screen_rect: 画布(x=382,y=251) + root(636,361) = (1018,612) 几何=1060x700+628+330
21:42:18 [ui] screen_rect: 画布(x=382,y=251) + root(636,361) = (1018,612) 几何=1060x700+628+330
21:42:18 [ui] screen_rect: 画布(x=382,y=251) + root(636,361) = (1018,612) 几何=1060x700+628+330
21:42:19 [ui] screen_rect: 画布(x=382,y=251) + root(636,361) = (1018,612) 几何=1060x700+628+330
21:42:19 [ui] screen_rect: 画布(x=382,y=251) + root(636,361) = (1018,612) 几何=1060x700+628+330
21:42:19 [ui] screen_rect: 画布(x=382,y=251) + root(636,361) = (1018,612) 几何=1060x700+628+330
21:42:19 [ui] screen_rect: 画布(x=382,y=251) + root(636,361) = (1018,612) 几何=1060x700+628+330
21:42:20 [ui] screen_rect: 画布(x=382,y=251) + root(636,361) = (1018,612) 几何=1060x700+628+330
21:42:20 [ui] screen_rect: 画布(x=382,y=251) + root(636,361) = (1018,612) 几何=1060x700+628+330
21:42:20 [ui] screen_rect: 画布(x=382,y=251) + root(636,361) = (1018,612) 几何=1060x700+628+330
21:42:20 [ui] screen_rect: 画布(x=382,y=251) + root(636,361) = (1018,612) 几何=1060x700+628+330
21:42:20 [ui] screen_rect: 画布(x=382,y=251) + root(636,361) = (1018,612) 几何=1060x700+628+330
21:42:21 [ui] screen_rect: 画布(x=382,y=251) + root(636,361) = (1018,612) 几何=1060x700+628+330
21:42:21 [ui] screen_rect: 画布(x=382,y=251) + root(636,361) = (1018,612) 几何=1060x700+628+330
21:42:21 [ui] screen_rect: 画布(x=382,y=251) + root(636,361) = (1018,612) 几何=1060x700+628+330
21:42:21 [ui] screen_rect: 画布(x=382,y=251) + root(636,361) = (1018,612) 几何=1060x700+628+330
21:42:21 [ui] screen_rect: 画布(x=382,y=251) + root(636,361) = (1018,612) 几何=1060x700+628+330
21:42:22 [ui] screen_rect: 画布(x=382,y=251) + root(636,361) = (1018,612) 几何=1060x700+628+330
21:42:22 [ui] screen_rect: 画布(x=382,y=251) + root(636,361) = (1018,612) 几何=1060x700+628+330
21:42:24 [ui] leave（已隐藏浏览器）
21:42:42 [ui] screen_rect: 画布(x=382,y=251) + root(164,187) = (546,438) 几何=1060x700+156+156
21:42:42 [ui] place(embed) 0.09s rect=(546,438,640,411)
21:42:43 [ui] screen_rect: 画布(x=382,y=251) + root(164,187) = (546,438) 几何=1060x700+156+156
21:42:44 [ui] leave（已隐藏浏览器）
21:42:45 [ui] screen_rect: 画布(x=382,y=251) + root(164,187) = (546,438) 几何=1060x700+156+156
21:42:45 [ui] screen_rect: 画布(x=382,y=251) + root(164,187) = (546,438) 几何=1060x700+156+156
21:42:45 [ui] place(embed) 0.03s rect=(546,438,640,411)
21:42:45 [ui] screen_rect: 画布(x=382,y=251) + root(644,409) = (1026,660) 几何=1060x700+636+378
21:42:45 [ui] screen_rect: 画布(x=382,y=251) + root(644,409) = (1026,660) 几何=1060x700+636+378
21:42:45 [ui] follow → (1026,660,640,411) 让位中=False root=1060x700+636+378
21:42:45 [ui] screen_rect: 画布(x=382,y=251) + root(644,409) = (1026,660) 几何=1060x700+636+378
21:42:45 [ui] screen_rect: 画布(x=382,y=251) + root(644,409) = (1026,660) 几何=1060x700+636+378
21:42:45 [ui] screen_rect: 画布(x=382,y=251) + root(644,409) = (1026,660) 几何=1060x700+636+378
21:42:45 [ui] place(embed) 0.04s rect=(1026,660,640,411)
21:42:47 [ui] screen_rect: 画布(x=382,y=251) + root(644,409) = (1026,660) 几何=1060x700+636+378
21:42:47 [ui] restore_silent → (1026,660,640,411) ok=True
21:42:48 [ui] screen_rect: 画布(x=382,y=251) + root(644,409) = (1026,660) 几何=1060x700+636+378
21:42:48 [ui] restore_silent → (1026,660,640,411) ok=True
21:42:48 [ui] screen_rect: 画布(x=382,y=251) + root(644,409) = (1026,660) 几何=1060x700+636+378
21:42:48 [ui] place(embed) 0.08s rect=(1026,660,640,411)
21:42:49 [ui] screen_rect: 画布(x=382,y=251) + root(714,439) = (1096,690) 几何=1060x700+706+408
21:42:49 [ui] follow → (1096,690,640,411) 让位中=True root=1060x700+706+408
21:42:49 [ui] screen_rect: 画布(x=382,y=251) + root(714,439) = (1096,690) 几何=1060x700+706+408
21:42:49 [ui] screen_rect: 画布(x=382,y=251) + root(714,439) = (1096,690) 几何=1060x700+706+408
21:42:49 [ui] follow → (1096,690,640,411) 让位中=True root=1060x700+706+408
21:42:49 [ui] screen_rect: 画布(x=382,y=251) + root(714,439) = (1096,690) 几何=1060x700+706+408
21:42:50 [ui] screen_rect: 画布(x=382,y=251) + root(714,439) = (1096,690) 几何=1060x700+706+408
21:42:50 [ui] screen_rect: 画布(x=382,y=251) + root(714,439) = (1096,690) 几何=1060x700+706+408
21:42:50 [ui] screen_rect: 画布(x=382,y=251) + root(714,439) = (1096,690) 几何=1060x700+706+408
21:42:50 [ui] screen_rect: 画布(x=382,y=251) + root(714,439) = (1096,690) 几何=1060x700+706+408
21:42:50 [ui] screen_rect: 画布(x=382,y=251) + root(714,439) = (1096,690) 几何=1060x700+706+408
21:42:51 [ui] screen_rect: 画布(x=382,y=251) + root(714,439) = (1096,690) 几何=1060x700+706+408
21:42:51 [ui] screen_rect: 画布(x=382,y=251) + root(714,439) = (1096,690) 几何=1060x700+706+408
21:42:51 [ui] screen_rect: 画布(x=382,y=251) + root(714,439) = (1096,690) 几何=1060x700+706+408
21:42:51 [ui] screen_rect: 画布(x=382,y=251) + root(714,439) = (1096,690) 几何=1060x700+706+408
21:42:51 [ui] screen_rect: 画布(x=382,y=251) + root(714,439) = (1096,690) 几何=1060x700+706+408
21:42:52 [ui] screen_rect: 画布(x=382,y=251) + root(714,439) = (1096,690) 几何=1060x700+706+408
21:42:52 [ui] screen_rect: 画布(x=382,y=251) + root(714,439) = (1096,690) 几何=1060x700+706+408
21:42:52 [ui] screen_rect: 画布(x=382,y=251) + root(714,439) = (1096,690) 几何=1060x700+706+408
21:42:52 [ui] screen_rect: 画布(x=382,y=251) + root(714,439) = (1096,690) 几何=1060x700+706+408
21:42:52 [ui] screen_rect: 画布(x=382,y=251) + root(714,439) = (1096,690) 几何=1060x700+706+408
21:42:53 [ui] screen_rect: 画布(x=382,y=251) + root(714,439) = (1096,690) 几何=1060x700+706+408
21:42:53 [ui] screen_rect: 画布(x=382,y=251) + root(714,439) = (1096,690) 几何=1060x700+706+408
21:42:53 [ui] restore_silent → (1096,690,640,411) ok=True
21:42:53 [ui] screen_rect: 画布(x=382,y=251) + root(714,439) = (1096,690) 几何=1060x700+706+408
21:42:55 [ui] leave（已隐藏浏览器）
21:43:28 [ui] follow 失败：'Host' object has no attribute 'restore_silent'
21:44:08 [ui] place(embed) 0.10s rect=(494,386,640,411)
21:44:10 [ui] leave（已隐藏浏览器）
21:44:11 [ui] place(embed) 0.04s rect=(494,386,640,411)
21:44:11 [ui] follow → (974,608,640,411) 让位中=False root=1060x700+584+326
21:44:11 [ui] place(embed) 0.08s rect=(974,608,640,411)
21:44:14 [ui] place(embed) 0.11s rect=(974,608,640,411)
21:44:14 [ui] follow → (1044,638,640,411) 让位中=True root=1060x700+654+356
21:44:15 [ui] follow → (1044,638,640,411) 让位中=True root=1060x700+654+356
21:44:21 [ui] leave（已隐藏浏览器）
21:44:33 [ui] place(embed) 0.14s rect=(598,490,640,411)
21:44:35 [ui] leave（已隐藏浏览器）
21:44:36 [ui] place(embed) 0.03s rect=(598,490,640,411)
21:44:36 [ui] follow → (1078,712,640,411) 让位中=False root=1060x700+688+430
21:44:36 [ui] place(embed) 0.04s rect=(1078,712,640,411)
21:44:39 [ui] place(embed) 0.03s rect=(1078,712,640,411)
21:44:39 [ui] follow → (1148,742,640,411) 让位中=True root=1060x700+758+460
21:44:40 [ui] follow → (1148,742,640,411) 让位中=True root=1060x700+758+460
21:44:46 [ui] leave（已隐藏浏览器）
21:45:07 [ui] relayout(整页重排) 0.10s page=ds
21:45:07 [ui] place(embed) 0.10s rect=(510,379,580,394)
21:45:07 [ui] place(embed) 0.07s rect=(510,379,580,394)
21:45:11 [ui] follow → (510,379,580,394) 让位中=False root=1000x700+120+80
21:45:16 [ui] leave（已隐藏浏览器）
21:45:59 [ui] follow 失败：'Host' object has no attribute 'restore_silent'
21:55:42 [ui] follow 失败：'Host' object has no attribute 'restore_silent'
21:56:09 [ui] follow 失败：'Host' object has no attribute 'restore_silent'
22:02:08 [ui] follow 失败：'Host' object has no attribute 'restore_silent'
22:02:36 [ui] follow 失败：'Host' object has no attribute 'restore_silent'
22:03:37 [ui] follow 失败：'Host' object has no attribute 'restore_silent'
22:04:19 [ui] follow 失败：'Host' object has no attribute 'restore_silent'
22:04:59 [ui] follow 失败：'Host' object has no attribute 'restore_silent'
22:05:44 [ui] follow 失败：'Host' object has no attribute 'restore_silent'
22:06:18 [ui] place(embed) 0.16s rect=(468,360,640,411)
22:06:20 [ui] leave（已隐藏浏览器）
22:06:21 [ui] place(embed) 0.03s rect=(468,360,640,411)
22:06:21 [ui] follow → (948,582,640,411) 让位中=False root=1060x700+558+300
22:06:21 [ui] place(embed) 0.05s rect=(948,582,640,411)
22:06:24 [ui] place(embed) 0.06s rect=(948,582,640,411)
22:06:25 [ui] follow → (1018,612,640,411) 让位中=True root=1060x700+628+330
22:06:25 [ui] follow → (1018,612,640,411) 让位中=True root=1060x700+628+330
22:06:31 [ui] leave（已隐藏浏览器）
22:06:59 [ui] place(embed) 0.11s rect=(624,516,640,411)
22:07:01 [ui] leave（已隐藏浏览器）
22:07:01 [ui] place(embed) 0.03s rect=(624,516,640,411)
22:07:01 [ui] follow → (1104,738,640,411) 让位中=False root=1060x700+714+456
22:07:02 [ui] place(embed) 0.08s rect=(1104,738,640,411)
22:07:04 [ui] place(embed) 0.08s rect=(1104,738,640,411)
22:07:05 [ui] follow → (1174,768,640,411) 让位中=True root=1060x700+784+486
22:07:05 [ui] follow → (1174,768,640,411) 让位中=True root=1060x700+784+486
22:07:09 [ui] settle 复查发现错位：实得=(90, 70, 400, 300) 期望=(1174, 768, 640, 411) → 重新对齐
22:07:09 [ui] settle → (1174,768,640,411) 让位中=False root=1060x700+784+486
22:07:12 [ui] leave（已隐藏浏览器）
22:07:38 [ui] place(embed) 0.11s rect=(416,308,640,411)
22:07:40 [ui] leave（已隐藏浏览器）
22:07:40 [ui] place(embed) 0.01s rect=(416,308,640,411)
22:07:41 [ui] follow → (896,530,640,411) 让位中=False root=1060x700+506+248
22:07:41 [ui] place(embed) 0.06s rect=(896,530,640,411)
22:07:43 [ui] place(embed) 0.05s rect=(896,530,640,411)
22:07:44 [ui] follow → (966,560,640,411) 让位中=True root=1060x700+576+278
22:07:45 [ui] follow → (966,560,640,411) 让位中=True root=1060x700+576+278
22:07:48 [ui] place(embed) 0.06s rect=(966,560,640,411)
22:07:49 [ui] settle 复查发现错位：实得=(90, 70, 400, 300) 期望=(966, 560, 640, 411) → 重新对齐
22:07:49 [ui] settle → (966,560,640,411) 让位中=False root=1060x700+576+278
22:07:52 [ui] leave（已隐藏浏览器）
22:08:29 [ui] follow 失败：'Host' object has no attribute 'restore_silent'
22:10:06 [ui] follow 失败：'Host' object has no attribute 'restore_silent'
22:12:52 [ui] follow 失败：'Host' object has no attribute 'restore_silent'
22:13:27 [ui] place(embed) 0.13s rect=(650,542,640,411)
22:13:29 [ui] leave（已隐藏浏览器）
22:13:29 [ui] place(embed) 0.05s rect=(650,542,640,411)
22:13:29 [ui] follow → (1130,764,640,411) 让位中=False root=1060x700+740+482
22:13:30 [ui] place(embed) 0.04s rect=(1130,764,640,411)
22:13:32 [ui] place(embed) 0.05s rect=(1130,764,640,411)
22:13:33 [ui] follow → (1200,794,640,411) 让位中=True root=1060x700+810+512
22:13:33 [ui] follow → (1200,794,640,411) 让位中=True root=1060x700+810+512
22:13:37 [ui] place(embed) 0.08s rect=(1200,794,640,411)
22:13:38 [ui] settle 复查发现错位：实得=(90, 70, 400, 300) 期望=(1200, 794, 640, 411) → 重新对齐
22:13:38 [ui] settle → (1200,794,640,411) 让位中=False root=1060x700+810+512
22:13:40 [ui] leave（已隐藏浏览器）
22:26:54 [ui] follow 失败：'Host' object has no attribute 'restore_silent'
22:27:36 [ui] follow 失败：'Host' object has no attribute 'restore_silent'
22:28:26 [ui] follow 失败：'Host' object has no attribute 'restore_silent'
22:28:51 [ui] follow 失败：'Host' object has no attribute 'restore_silent'
22:29:26 [ui] follow 失败：'Host' object has no attribute 'restore_silent'
22:29:45 [ui] relayout(整页重排) 0.09s page=ds
22:30:54 [ui] relayout(整页重排) 0.11s page=ds
22:31:02 [ui] relayout(整页重排) 0.10s page=ds
22:31:12 [ui] relayout(整页重排) 0.11s page=ds
22:31:12 [ui] place(child) 0.11s rect=(382,251,600,431)
22:31:13 [ui] place(child) 0.01s rect=(382,251,600,431)
22:31:17 [ui] place(child) 0.06s rect=(382,268,520,334)
22:31:17 [ui] relayout(整页重排) 0.26s page=ds
22:31:17 [ui] place(child) 0.06s rect=(382,268,520,334)
22:31:17 [ui] place(child) 0.01s rect=(382,268,520,334)
22:31:17 [ui] place(child) 0.06s rect=(382,268,520,334)
22:31:22 [ui] leave（已隐藏浏览器）
22:31:39 [ui] relayout(整页重排) 0.09s page=ds
22:31:40 [ui] place(child) 0.09s rect=(382,251,600,431)
22:31:40 [ui] place(child) 0.06s rect=(382,251,600,431)
22:32:02 [ui] relayout(整页重排) 0.13s page=ds
22:32:02 [ui] place(child) 0.10s rect=(382,251,600,431)
22:32:02 [ui] place(child) 0.08s rect=(382,251,600,431)
22:32:25 [ui] relayout(整页重排) 0.11s page=ds
22:32:26 [ui] place(child) 0.12s rect=(382,251,600,431)
22:32:26 [ui] place(child) 0.07s rect=(382,251,600,431)
22:32:38 [ui] relayout(整页重排) 0.11s page=ds
22:32:39 [ui] place(child) 0.11s rect=(382,251,600,431)
22:32:39 [ui] place(child) 0.07s rect=(382,251,600,431)
22:32:55 [ui] relayout(整页重排) 0.11s page=ds
22:34:07 [ui] relayout(整页重排) 0.13s page=ds
22:34:07 [child] browser=15340770 parent_in=1512540 now_before=0 SetParent_ret=65548 after=1512540 GA_PARENT=1512540 style=0x54c70000
22:34:07 [ui] place(child) 0.12s rect=(382,251,600,431)
22:34:07 [ui] place(child) 0.08s rect=(382,251,600,431)
22:34:43 [child] browser=398254 parent_in=2888490 now_before=0 SetParent_ret=65548 after=2888490 GA_PARENT=2888490 style=0x54c70000
22:35:03 [ui] relayout(整页重排) 0.10s page=ds
22:35:03 [child] browser=35984118 parent_in=23988842 now_before=0 SetParent_ret=65548 after=23988842 GA_PARENT=23988842 style=0x54c70000
22:35:03 [ui] place(child) 0.11s rect=(382,251,600,431)
22:35:04 [ui] place(child) 0.08s rect=(382,251,600,431)
22:35:19 [child] browser=463614 parent_in=1643612 now_before=0 SetParent_ret=65548 after=1643612 GA_PARENT=1643612 style=0x54c70000
22:35:19 [ui] relayout(整页重排) 0.06s page=home
22:35:21 [child] browser=463614 parent_in=1643612 now_before=65548 SetParent_ret=65548 after=1643612 GA_PARENT=1643612 style=0x54c70000
22:35:21 [ui] place(child) 0.13s rect=(382,234,600,448)
22:35:48 [ui] relayout(整页重排) 0.10s page=ds
22:35:49 [child] browser=332720 parent_in=1708024 now_before=0 SetParent_ret=65548 after=1708024 GA_PARENT=1708024 style=0x54c70000
22:35:49 [ui] place(child) 0.15s rect=(382,251,600,431)
22:35:49 [ui] place(child) 0.06s rect=(382,251,600,431)
22:35:59 [ui] leave（已隐藏浏览器）
22:36:17 [ui] relayout(整页重排) 0.13s page=ds
22:36:18 [child] browser=10818468 parent_in=7017458 now_before=0 SetParent_ret=65548 after=7017458 GA_PARENT=7017458 style=0x54c70000
22:36:18 [ui] place(child) 0.19s rect=(382,251,600,431)
22:36:18 [ui] place(child) 0.09s rect=(382,251,600,431)
22:36:35 [ui] relayout(整页重排) 0.11s page=ds
22:36:35 [child] browser=922764 parent_in=5313508 now_before=0 SetParent_ret=65548 after=5313508 GA_PARENT=5313508 style=0x54c70000
22:36:35 [ui] place(child) 0.09s rect=(382,251,600,431)
22:36:35 [ui] place(child) 0.03s rect=(382,251,600,431)
22:36:36 [child] browser=922764 parent_in=5313508 now_before=65548 SetParent_ret=65548 after=5313508 GA_PARENT=5313508 style=0x54c70000
22:36:36 [ui] child 看门狗：父窗口被撤销（65548 ≠ 5313508）→ 重新嵌入=True
22:36:43 [ui] leave（已隐藏浏览器）
22:37:04 [ui] relayout(整页重排) 0.10s page=ds
22:37:04 [child] browser=32248130 parent_in=4854906 now_before=0 SetParent_ret=65548 after=4854906 GA_PARENT=4854906 style=0x54c70000
22:37:04 [ui] place(child) 0.11s rect=(382,251,600,431)
22:37:04 [ui] place(child) 0.02s rect=(382,251,600,431)
22:37:06 [child] browser=32248130 parent_in=4854906 now_before=65548 SetParent_ret=65548 after=4854906 GA_PARENT=4854906 style=0x54c70000
22:37:06 [ui] child 看门狗：父窗口被撤销（65548 ≠ 4854906）→ 重新嵌入=True
22:37:15 [ui] leave（已隐藏浏览器）
22:37:41 [ui] relayout(整页重排) 0.10s page=ds
22:37:41 [child] browser=1118374 parent_in=5641338 now_before=0 SetParent_ret=65548 after=5641338 GA_PARENT=5641338 style=0x54c70000
22:37:41 [ui] place(child) 0.11s rect=(382,251,600,431)
22:37:41 [ui] place(child) 0.06s rect=(382,251,600,431)
22:37:43 [child] browser=1118374 parent_in=5641338 now_before=65548 SetParent_ret=65548 after=5641338 GA_PARENT=5641338 style=0x54c70000
22:37:43 [ui] child 看门狗：父窗口被撤销（65548 ≠ 5641338）→ 重新嵌入=True
22:37:52 [ui] leave（已隐藏浏览器）
22:38:23 [ui] relayout(整页重排) 0.12s page=ds
22:38:23 [child] browser=266634 parent_in=460738 now_before=0 SetParent_ret=65548 after=460738 GA_PARENT=460738 style=0x54c70000
22:38:23 [ui] place(child) 0.17s rect=(382,251,600,431)
22:38:23 [ui] place(child) 0.07s rect=(382,251,600,431)
22:38:24 [child] browser=266634 parent_in=460738 now_before=65548 SetParent_ret=65548 after=460738 GA_PARENT=460738 style=0x54c70000
22:38:24 [ui] child 看门狗：父窗口被撤销（65548 ≠ 460738）→ 重新嵌入=True
22:38:36 [ui] leave（已隐藏浏览器）
22:38:55 [ui] relayout(整页重排) 0.10s page=ds
22:38:56 [child] browser=1118684 parent_in=857072 now_before=0 SetParent_ret=65548 after=857072 GA_PARENT=857072 style=0x54c70000
22:38:56 [ui] place(child) 0.12s rect=(382,251,600,431)
22:38:56 [ui] place(child) 0.09s rect=(382,251,600,431)
22:38:57 [child] browser=1118684 parent_in=857072 now_before=65548 SetParent_ret=65548 after=857072 GA_PARENT=857072 style=0x54c70000
22:38:57 [ui] child 看门狗：父窗口被撤销（65548 ≠ 857072）→ 重新嵌入=True
22:39:06 [ui] leave（已隐藏浏览器）
22:39:55 [ui] relayout(整页重排) 0.10s page=ds
22:39:56 [child] browser=856712 parent_in=463190 now_before=0 SetParent_ret=65548 after=463190 GA_PARENT=463190 style=0x54c70000
22:39:56 [ui] place(child) 0.13s rect=(382,251,600,431)
22:39:56 [ui] place(child) 0.09s rect=(382,251,600,431)
22:39:57 [child] browser=856712 parent_in=463190 now_before=65548 SetParent_ret=65548 after=463190 GA_PARENT=463190 style=0x54c70000
22:39:57 [ui] child 看门狗：父窗口被撤销（65548 ≠ 463190）→ 重新嵌入=True
22:40:02 [ui] leave（已隐藏浏览器）
22:40:49 [ui] follow 失败：'Host' object has no attribute 'restore_silent'
22:41:19 [ui] follow 失败：'Host' object has no attribute 'restore_silent'
22:41:24 [ui] relayout(整页重排) 0.10s page=ds
22:41:24 [ui] place(child) 0.14s rect=(382,251,600,431)
22:41:24 [ui] place(child) 0.09s rect=(382,251,600,431)
22:41:25 [ui] child 看门狗：父窗口被撤销（65548 ≠ 2036108）→ 重新嵌入=True
22:41:32 [ui] leave（已隐藏浏览器）
22:42:06 [ui] follow 失败：'Host' object has no attribute 'restore_silent'
22:42:31 [ui] follow 失败：'Host' object has no attribute 'restore_silent'
23:01:10 [ui] follow 失败：'Host' object has no attribute 'restore_silent'
23:11:37 [ui] follow 失败：'Host' object has no attribute 'move_win32'
23:12:55 [ui] follow 失败：'Host' object has no attribute 'move_win32'
23:14:13 [ui] place(embed) 0.11s rect=(416,308,640,411)
23:14:15 [ui] leave（已隐藏浏览器）
23:14:16 [ui] place(embed) 0.04s rect=(416,308,640,411)
23:14:16 [ui] follow → (896,530,640,411) 让位中=False root=1060x700+506+248
23:14:16 [ui] place(embed) 0.09s rect=(896,530,640,411)
23:14:19 [ui] place(embed) 0.08s rect=(896,530,640,411)
23:14:19 [ui] follow → (966,560,640,411) 让位中=True root=1060x700+576+278
23:14:20 [ui] follow → (966,560,640,411) 让位中=True root=1060x700+576+278
23:14:24 [ui] place(embed) 0.09s rect=(966,560,640,411)
23:14:25 [ui] settle 复查发现错位：实得=(90, 70, 400, 300) 期望=(966, 560, 640, 411) → 重新对齐
23:14:25 [ui] settle → (966,560,640,411) 让位中=False root=1060x700+576+278
23:14:27 [ui] leave（已隐藏浏览器）
23:22:22 [ui] follow 失败：'Host' object has no attribute 'restore_silent'
23:22:27 [ui] place(embed) 0.10s rect=(676,568,640,411)
23:22:29 [ui] leave（已隐藏浏览器）
23:22:30 [ui] place(embed) 0.06s rect=(676,568,640,411)
23:22:30 [ui] follow → (1156,790,640,411) 让位中=False（完整摆位）
23:22:30 [ui] place(embed) 0.09s rect=(1156,790,640,411)
23:22:32 [ui] restore_silent(完整) → (1156,790,640,411) ok=True
23:22:33 [ui] restore_silent(完整) → (1156,790,640,411) ok=True
23:22:33 [ui] place(embed) 0.08s rect=(1156,790,640,411)
23:22:33 [ui] follow → (1226,820,640,411) 让位中=True
23:22:34 [ui] follow → (1226,820,640,411) 让位中=True
23:22:37 [ui] restore_silent(完整) → (1226,820,640,411) ok=True
23:22:38 [ui] place(embed) 0.04s rect=(1226,820,640,411)
23:22:39 [ui] settle 复查发现错位：实得=(90, 70, 400, 300) 期望=(1226, 820, 640, 411) → 重新对齐
23:22:39 [ui] settle → (1226,820,640,411) 让位中=False（完整摆位）
23:22:41 [ui] leave（已隐藏浏览器）
23:23:30 [ui] follow 失败：'Host' object has no attribute 'restore_silent'
23:24:20 [ui] relayout(整页重排) 0.11s page=ds
23:24:20 [ui] place(embed) 0.14s rect=(550,392,600,431)
23:24:20 [ui] place(embed) 0.04s rect=(550,392,600,431)
23:24:22 [ui] send期间跟随 → (640,472,600,431) 让位中=True
23:24:22 [ui] send期间跟随 → (640,472,600,431) 让位中=True
23:24:22 [ui] follow → (640,472,600,431) 让位中=True
23:24:22 [ui] send期间跟随 → (640,472,600,431) 让位中=True
23:24:22 [ui] send期间跟随 → (640,472,600,431) 让位中=True
23:24:30 [ui] leave（已隐藏浏览器）
23:24:51 [ui] relayout(整页重排) 0.11s page=ds
23:24:51 [ui] place(embed) 0.12s rect=(550,392,600,431)
23:24:51 [ui] place(embed) 0.05s rect=(550,392,600,431)
23:24:53 [ui] send期间跟随 → (640,472,600,431) 让位中=True
23:24:53 [ui] send期间跟随 → (640,472,600,431) 让位中=True
23:24:53 [ui] follow → (640,472,600,431) 让位中=True
23:24:53 [ui] send期间跟随 → (640,472,600,431) 让位中=True
23:24:53 [ui] send期间跟随 → (640,472,600,431) 让位中=True
23:24:54 [ui] restore_silent(完整) → (640,472,600,431) ok=True
23:24:54 [ui] restore_silent(完整) → (640,472,600,431) ok=True
23:24:57 [ui] leave（已隐藏浏览器）
23:25:24 [ui] follow 失败：'Host' object has no attribute 'restore_silent'
23:25:54 [ui] place(embed) 0.13s rect=(468,360,640,411)
23:25:56 [ui] leave（已隐藏浏览器）
23:25:57 [ui] place(embed) 0.03s rect=(468,360,640,411)
23:25:57 [ui] follow → (948,582,640,411) 让位中=False（完整摆位）
23:25:57 [ui] place(embed) 0.06s rect=(948,582,640,411)
23:25:59 [ui] restore_silent(完整) → (948,582,640,411) ok=True
23:25:59 [ui] restore_silent(完整) → (948,582,640,411) ok=True
23:26:00 [ui] place(embed) 0.08s rect=(948,582,640,411)
23:26:00 [ui] follow → (1018,612,640,411) 让位中=True
23:26:01 [ui] follow → (1018,612,640,411) 让位中=True
23:26:04 [ui] restore_silent(完整) → (1018,612,640,411) ok=True
23:26:05 [ui] place(embed) 0.09s rect=(1018,612,640,411)
23:26:06 [ui] settle 复查发现错位：实得=(90, 70, 400, 300) 期望=(1018, 612, 640, 411) → 重新对齐
23:26:06 [ui] settle → (1018,612,640,411) 让位中=False（完整摆位）
23:26:08 [ui] leave（已隐藏浏览器）
23:30:24 [ui] follow 失败：'Host' object has no attribute 'restore_silent'
23:30:34 [ui] relayout(整页重排) 0.11s page=ds
23:30:35 [ui] place(embed) 0.09s rect=(550,392,600,431)
23:30:35 [ui] place(embed) 0.07s rect=(550,392,600,431)
23:30:36 [ui] send期间跟随 → (640,472,600,431) 让位中(Win32)
23:30:36 [ui] send期间跟随 → (640,472,600,431) 让位中(Win32)
23:30:36 [ui] follow → (640,472,600,431) 让位中(Win32)
23:30:37 [ui] send期间跟随 → (640,472,600,431) 让位中(Win32)
23:30:37 [ui] send期间跟随 → (640,472,600,431) 让位中(Win32)
23:30:37 [ui] restore_silent(完整) → (640,472,600,431) ok=True
23:30:37 [ui] restore_silent(完整) → (640,472,600,431) ok=True
23:30:40 [ui] leave（已隐藏浏览器）
23:30:50 [ui] place(embed) 0.13s rect=(572,464,640,411)
23:30:52 [ui] leave（已隐藏浏览器）
23:30:52 [ui] place(embed) 0.03s rect=(572,464,640,411)
23:30:52 [ui] follow → (1052,686,640,411) 纯移动(Win32)
23:30:53 [ui] place(embed) 0.07s rect=(1052,686,640,411)
23:30:54 [ui] restore_silent(完整) → (1052,686,640,411) ok=True
23:30:55 [ui] restore_silent(完整) → (1052,686,640,411) ok=True
23:30:55 [ui] place(embed) 0.06s rect=(1052,686,640,411)
23:30:56 [ui] follow → (1122,716,640,411) 让位中(Win32)
23:30:56 [ui] follow → (1122,716,640,411) 让位中(Win32)
23:31:00 [ui] restore_silent(完整) → (1122,716,640,411) ok=True
23:31:00 [ui] place(embed) 0.09s rect=(1122,716,640,411)
23:31:01 [ui] settle 复查发现错位：实得=(90, 70, 400, 300) 期望=(1122, 716, 640, 411) → 重新对齐
23:31:01 [ui] settle → (1122,716,640,411) 纯移动(Win32)
23:31:04 [ui] leave（已隐藏浏览器）
23:31:37 [ui] follow 失败：'Host' object has no attribute 'restore_silent'
23:38:07 [ui] follow 失败：'Host' object has no attribute 'restore_silent'
23:42:54 [ui] follow 失败：'Host' object has no attribute 'restore_silent'
23:43:27 [ui] follow 失败：'Host' object has no attribute 'restore_silent'
23:44:34 [ui] follow 失败：'Host' object has no attribute 'restore_silent'
